[debug] [2026-08-31T13:03:29.945Z] ----------------------------------------------------------------------
[debug] [2026-08-31T13:03:29.950Z] Command:       C:\Program Files\nodejs\node.exe C:\Users\lemon\AppData\Roaming\npm\node_modules\firebase-tools\lib\bin\firebase.js deploy --only functions:getTrackingInfo --debug
[debug] [2026-08-31T13:03:29.950Z] CLI Version:   15.22.4
[debug] [2026-08-31T13:03:29.950Z] Platform:      win32
[debug] [2026-08-31T13:03:29.950Z] Node Version:  v24.18.0
[debug] [2026-08-31T13:03:29.951Z] Detected Agent: unknown
[debug] [2026-08-31T13:03:29.951Z] Time:          Mon Aug 31 2026 22:03:29 GMT+0900 (한국 표준시)
[debug] [2026-08-31T13:03:29.951Z] ----------------------------------------------------------------------
[debug] 
[debug] [2026-08-31T13:03:34.091Z] > command requires scopes: ["email","openid","https://www.googleapis.com/auth/cloudplatformprojects.readonly","https://www.googleapis.com/auth/firebase","https://www.googleapis.com/auth/cloud-platform"]
[debug] [2026-08-31T13:03:34.092Z] > authorizing via signed-in user (rouxpenn@gmail.com)
[debug] [2026-08-31T13:03:34.093Z] [iam] checking project opticmall for permissions ["cloudfunctions.functions.create","cloudfunctions.functions.delete","cloudfunctions.functions.get","cloudfunctions.functions.list","cloudfunctions.functions.update","cloudfunctions.operations.get","firebase.projects.get"]
[debug] [2026-08-31T13:03:34.097Z] Checked if tokens are valid: true, expires at: 1788184880955
[debug] [2026-08-31T13:03:34.098Z] Checked if tokens are valid: true, expires at: 1788184880955
[debug] [2026-08-31T13:03:34.100Z] >>> [apiv2][query] POST https://cloudresourcemanager.googleapis.com/v1/projects/opticmall:testIamPermissions [none]
[debug] [2026-08-31T13:03:34.101Z] >>> [apiv2][(partial)header] POST https://cloudresourcemanager.googleapis.com/v1/projects/opticmall:testIamPermissions  x-goog-user-project=opticmall
[debug] [2026-08-31T13:03:34.101Z] >>> [apiv2][body] POST https://cloudresourcemanager.googleapis.com/v1/projects/opticmall:testIamPermissions {"permissions":["cloudfunctions.functions.create","cloudfunctions.functions.delete","cloudfunctions.functions.get","cloudfunctions.functions.list","cloudfunctions.functions.update","cloudfunctions.operations.get","firebase.projects.get"]}
[debug] [2026-08-31T13:03:34.371Z] <<< [apiv2][status] POST https://cloudresourcemanager.googleapis.com/v1/projects/opticmall:testIamPermissions 200
[debug] [2026-08-31T13:03:34.372Z] <<< [apiv2][body] POST https://cloudresourcemanager.googleapis.com/v1/projects/opticmall:testIamPermissions {"permissions":["cloudfunctions.functions.create","cloudfunctions.functions.delete","cloudfunctions.functions.get","cloudfunctions.functions.list","cloudfunctions.functions.update","cloudfunctions.operations.get","firebase.projects.get"]}
[debug] [2026-08-31T13:03:34.373Z] Checked if tokens are valid: true, expires at: 1788184880955
[debug] [2026-08-31T13:03:34.374Z] Checked if tokens are valid: true, expires at: 1788184880955
[debug] [2026-08-31T13:03:34.376Z] >>> [apiv2][query] POST https://iam.googleapis.com/v1/projects/opticmall/serviceAccounts/opticmall@appspot.gserviceaccount.com:testIamPermissions [none]
[debug] [2026-08-31T13:03:34.377Z] >>> [apiv2][body] POST https://iam.googleapis.com/v1/projects/opticmall/serviceAccounts/opticmall@appspot.gserviceaccount.com:testIamPermissions {"permissions":["iam.serviceAccounts.actAs"]}
[debug] [2026-08-31T13:03:34.773Z] <<< [apiv2][status] POST https://iam.googleapis.com/v1/projects/opticmall/serviceAccounts/opticmall@appspot.gserviceaccount.com:testIamPermissions 200
[debug] [2026-08-31T13:03:34.774Z] <<< [apiv2][body] POST https://iam.googleapis.com/v1/projects/opticmall/serviceAccounts/opticmall@appspot.gserviceaccount.com:testIamPermissions {"permissions":["iam.serviceAccounts.actAs"]}
[info] 
[info] === Deploying to 'opticmall'...
[info] 
[info] i  deploying functions 
[debug] [2026-08-31T13:03:34.793Z] Checked if tokens are valid: true, expires at: 1788184880955
[debug] [2026-08-31T13:03:34.793Z] Checked if tokens are valid: true, expires at: 1788184880955
[debug] [2026-08-31T13:03:34.794Z] >>> [apiv2][query] GET https://cloudresourcemanager.googleapis.com/v1/projects/opticmall [none]
[debug] [2026-08-31T13:03:35.018Z] <<< [apiv2][status] GET https://cloudresourcemanager.googleapis.com/v1/projects/opticmall 200
[debug] [2026-08-31T13:03:35.020Z] <<< [apiv2][body] GET https://cloudresourcemanager.googleapis.com/v1/projects/opticmall {"projectNumber":"649171316547","projectId":"opticmall","lifecycleState":"ACTIVE","name":"opticmall","labels":{"firebase":"enabled","firebase-core":"disabled"},"createTime":"2026-06-11T07:13:38.563Z"}
[info] i  functions: preparing codebase default for deployment 
[info] i  functions: ensuring required API cloudfunctions.googleapis.com is enabled... 
[info] i  functions: ensuring required API cloudbuild.googleapis.com is enabled... 
[info] i  artifactregistry: ensuring required API artifactregistry.googleapis.com is enabled... 
[debug] [2026-08-31T13:03:35.056Z] Checked if tokens are valid: true, expires at: 1788184880955
[debug] [2026-08-31T13:03:35.058Z] Checked if tokens are valid: true, expires at: 1788184880955
[debug] [2026-08-31T13:03:35.060Z] >>> [apiv2][query] GET https://firebase.googleapis.com/v1beta1/projects/opticmall/adminSdkConfig [none]
[debug] [2026-08-31T13:03:35.696Z] <<< [apiv2][status] GET https://firebase.googleapis.com/v1beta1/projects/opticmall/adminSdkConfig 200
[debug] [2026-08-31T13:03:35.697Z] <<< [apiv2][body] GET https://firebase.googleapis.com/v1beta1/projects/opticmall/adminSdkConfig {"projectId":"opticmall","storageBucket":"opticmall.firebasestorage.app"}
[debug] [2026-08-31T13:03:35.700Z] Checked if tokens are valid: true, expires at: 1788184880955
[debug] [2026-08-31T13:03:35.703Z] Checked if tokens are valid: true, expires at: 1788184880955
[debug] [2026-08-31T13:03:35.708Z] >>> [apiv2][query] GET https://runtimeconfig.googleapis.com/v1beta1/projects/opticmall/configs [none]
[debug] [2026-08-31T13:03:36.772Z] <<< [apiv2][status] GET https://runtimeconfig.googleapis.com/v1beta1/projects/opticmall/configs 200
[debug] [2026-08-31T13:03:36.773Z] <<< [apiv2][body] GET https://runtimeconfig.googleapis.com/v1beta1/projects/opticmall/configs {}
[debug] [2026-08-31T13:03:36.787Z] Validating nodejs source
[warn] !  functions: Runtime Node.js 20 was deprecated on 2026-04-30 and will be decommissioned on 2026-10-30, after which you will not be able to deploy without upgrading. Consider upgrading now to avoid disruption. See https://cloud.google.com/functions/docs/runtime-support for full details on the lifecycle policy 
[warn] !  functions: package.json indicates an outdated version of firebase-functions. Please upgrade using npm install --save firebase-functions@latest in your functions directory. 
[warn] !  functions: Please note that there will be breaking changes when you upgrade. 
[debug] [2026-08-31T13:03:39.315Z] > [functions] package.json contents: {
  "name": "functions",
  "description": "OPTICMALL Cloud Functions",
  "engines": {
    "node": "20"
  },
  "main": "index.js",
  "dependencies": {
    "firebase-functions": "^6.0.1",
    "firebase-admin": "^12.0.0"
  },
  "private": true
}
[debug] [2026-08-31T13:03:39.317Z] Building nodejs source
[info] i  functions: Loading and analyzing source code for codebase default to determine what to deploy 
[debug] [2026-08-31T13:03:39.320Z] Could not find functions.yaml. Must use http discovery
[debug] [2026-08-31T13:03:39.347Z] Found firebase-functions binary at 'C:\Users\lemon\Desktop\opticmall\opticmall소스파일\opticmall\opticmall\functions\node_modules\.bin\firebase-functions'
[info] Serving at port 8338

[debug] [2026-08-31T13:03:40.540Z] Got response from /__/functions.yaml {"endpoints":{"getTrackingInfo":{"availableMemoryMb":null,"timeoutSeconds":null,"minInstances":null,"maxInstances":null,"ingressSettings":null,"concurrency":null,"serviceAccountEmail":null,"vpc":null,"platform":"gcfv2","region":["asia-northeast3"],"labels":{},"httpsTrigger":{},"entryPoint":"getTrackingInfo"}},"specVersion":"v1alpha1","requiredAPIs":[],"extensions":{}}
[debug] [2026-08-31T13:03:44.626Z] Checked if tokens are valid: true, expires at: 1788184880955
[debug] [2026-08-31T13:03:44.627Z] Checked if tokens are valid: true, expires at: 1788184880955
[debug] [2026-08-31T13:03:44.639Z] >>> [apiv2][query] GET https://cloudfunctions.googleapis.com/v1/projects/opticmall/locations/-/functions [none]
[debug] [2026-08-31T13:03:45.733Z] <<< [apiv2][status] GET https://cloudfunctions.googleapis.com/v1/projects/opticmall/locations/-/functions 200
[debug] [2026-08-31T13:03:45.735Z] <<< [apiv2][body] GET https://cloudfunctions.googleapis.com/v1/projects/opticmall/locations/-/functions {}
[debug] [2026-08-31T13:03:45.760Z] Checked if tokens are valid: true, expires at: 1788184880955
[debug] [2026-08-31T13:03:45.761Z] Checked if tokens are valid: true, expires at: 1788184880955
[debug] [2026-08-31T13:03:45.766Z] >>> [apiv2][query] GET https://cloudfunctions.googleapis.com/v2/projects/opticmall/locations/-/functions filter=environment%3D%22GEN_2%22
[debug] [2026-08-31T13:03:47.267Z] <<< [apiv2][status] GET https://cloudfunctions.googleapis.com/v2/projects/opticmall/locations/-/functions 200
[debug] [2026-08-31T13:03:47.268Z] <<< [apiv2][body] GET https://cloudfunctions.googleapis.com/v2/projects/opticmall/locations/-/functions {"functions":[{"name":"projects/opticmall/locations/asia-northeast3/functions/getTrackingInfo","buildConfig":{"build":"projects/649171316547/locations/asia-northeast3/builds/9b666be5-8e06-4010-8fad-3b602b04cc29","runtime":"nodejs20","entryPoint":"getTrackingInfo","source":{"storageSource":{"bucket":"gcf-v2-sources-649171316547-asia-northeast3","object":"getTrackingInfo/function-source.zip","generation":"1785822854085122"}},"environmentVariables":{"GOOGLE_NODE_RUN_SCRIPTS":""},"dockerRepository":"projects/opticmall/locations/asia-northeast3/repositories/gcf-artifacts","sourceProvenance":{"resolvedStorageSource":{"bucket":"gcf-v2-sources-649171316547-asia-northeast3","object":"getTrackingInfo/function-source.zip","generation":"1785822854085122"}},"dockerRegistry":"ARTIFACT_REGISTRY","serviceAccount":"projects/opticmall/serviceAccounts/649171316547-compute@developer.gserviceaccount.com","automaticUpdatePolicy":{}},"serviceConfig":{"service":"projects/opticmall/locations/asia-northeast3/services/gettrackinginfo","timeoutSeconds":60,"environmentVariables":{"SWEETTRACKER_KEY":"PVONNmzqYpXvNxhRkeCZvg","FIREBASE_CONFIG":"{\"projectId\":\"opticmall\",\"storageBucket\":\"opticmall.firebasestorage.app\"}","GCLOUD_PROJECT":"opticmall","EVENTARC_CLOUD_EVENT_SOURCE":"projects/opticmall/locations/asia-northeast3/services/getTrackingInfo","FUNCTION_TARGET":"getTrackingInfo","LOG_EXECUTION_ID":"true"},"maxInstanceCount":20,"ingressSettings":"ALLOW_ALL","uri":"https://gettrackinginfo-efvzybbwoa-du.a.run.app","serviceAccountEmail":"649171316547-compute@developer.gserviceaccount.com","availableMemory":"256Mi","allTrafficOnLatestRevision":true,"maxInstanceRequestConcurrency":80,"availableCpu":"1000m"},"state":"ACTIVE","updateTime":"2026-08-04T05:55:01.617863232Z","labels":{"deployment-tool":"cli-firebase","firebase-functions-hash":"0ddab7bad62bf352fa69dc81cc67e5d3bc914d8b"},"environment":"GEN_2","url":"https://asia-northeast3-opticmall.cloudfunctions.net/getTrackingInfo","satisfiesPzs":true,"createTime":"2026-07-02T11:13:17.603264279Z","satisfiesPzi":true}]}
[info] i  extensions: ensuring required API firebaseextensions.googleapis.com is enabled... 
[debug] [2026-08-31T13:03:47.277Z] > command requires scopes: ["email","openid","https://www.googleapis.com/auth/cloudplatformprojects.readonly","https://www.googleapis.com/auth/firebase","https://www.googleapis.com/auth/cloud-platform"]
[debug] [2026-08-31T13:03:47.278Z] > authorizing via signed-in user (rouxpenn@gmail.com)
[debug] [2026-08-31T13:03:47.278Z] [iam] checking project opticmall for permissions ["firebase.projects.get","firebaseextensions.instances.list"]
[debug] [2026-08-31T13:03:47.279Z] Checked if tokens are valid: true, expires at: 1788184880955
[debug] [2026-08-31T13:03:47.280Z] Checked if tokens are valid: true, expires at: 1788184880955
[debug] [2026-08-31T13:03:47.281Z] >>> [apiv2][query] POST https://cloudresourcemanager.googleapis.com/v1/projects/opticmall:testIamPermissions [none]
[debug] [2026-08-31T13:03:47.281Z] >>> [apiv2][(partial)header] POST https://cloudresourcemanager.googleapis.com/v1/projects/opticmall:testIamPermissions  x-goog-user-project=opticmall
[debug] [2026-08-31T13:03:47.282Z] >>> [apiv2][body] POST https://cloudresourcemanager.googleapis.com/v1/projects/opticmall:testIamPermissions {"permissions":["firebase.projects.get","firebaseextensions.instances.list"]}
[debug] [2026-08-31T13:03:47.573Z] <<< [apiv2][status] POST https://cloudresourcemanager.googleapis.com/v1/projects/opticmall:testIamPermissions 200
[debug] [2026-08-31T13:03:47.573Z] <<< [apiv2][body] POST https://cloudresourcemanager.googleapis.com/v1/projects/opticmall:testIamPermissions {"permissions":["firebase.projects.get","firebaseextensions.instances.list"]}
[debug] [2026-08-31T13:03:47.574Z] Checked if tokens are valid: true, expires at: 1788184880955
[debug] [2026-08-31T13:03:47.575Z] Checked if tokens are valid: true, expires at: 1788184880955
[debug] [2026-08-31T13:03:47.575Z] >>> [apiv2][query] GET https://firebaseextensions.googleapis.com/v1beta/projects/opticmall/instances pageSize=100&pageToken=
[debug] [2026-08-31T13:03:48.590Z] <<< [apiv2][status] GET https://firebaseextensions.googleapis.com/v1beta/projects/opticmall/instances 200
[debug] [2026-08-31T13:03:48.590Z] <<< [apiv2][body] GET https://firebaseextensions.googleapis.com/v1beta/projects/opticmall/instances {}
[info] i  functions: Loaded environment variables from .env. 
[info] i  functions: preparing functions directory for uploading... 
[info] i  functions: packaged C:\Users\lemon\Desktop\opticmall\opticmall소스파일\opticmall\opticmall\functions (31.07 KB) for uploading 
[info] i  functions: ensuring required API run.googleapis.com is enabled... 
[info] i  functions: ensuring required API eventarc.googleapis.com is enabled... 
[info] i  functions: ensuring required API pubsub.googleapis.com is enabled... 
[info] i  functions: ensuring required API storage.googleapis.com is enabled... 
[info] i  functions: generating the service identity for pubsub.googleapis.com... 
[debug] [2026-08-31T13:03:48.694Z] Checked if tokens are valid: true, expires at: 1788184880955
[debug] [2026-08-31T13:03:48.694Z] Checked if tokens are valid: true, expires at: 1788184880955
[info] i  functions: generating the service identity for eventarc.googleapis.com... 
[debug] [2026-08-31T13:03:48.695Z] Checked if tokens are valid: true, expires at: 1788184880955
[debug] [2026-08-31T13:03:48.696Z] Checked if tokens are valid: true, expires at: 1788184880955
[debug] [2026-08-31T13:03:48.709Z] >>> [apiv2][query] POST https://serviceusage.googleapis.com/v1beta1/projects/649171316547/services/pubsub.googleapis.com:generateServiceIdentity [none]
[debug] [2026-08-31T13:03:48.710Z] >>> [apiv2][(partial)header] POST https://serviceusage.googleapis.com/v1beta1/projects/649171316547/services/pubsub.googleapis.com:generateServiceIdentity  x-goog-user-project=649171316547
[debug] [2026-08-31T13:03:48.712Z] >>> [apiv2][body] POST https://serviceusage.googleapis.com/v1beta1/projects/649171316547/services/pubsub.googleapis.com:generateServiceIdentity {}
[debug] [2026-08-31T13:03:48.718Z] >>> [apiv2][query] POST https://serviceusage.googleapis.com/v1beta1/projects/649171316547/services/eventarc.googleapis.com:generateServiceIdentity [none]
[debug] [2026-08-31T13:03:48.719Z] >>> [apiv2][(partial)header] POST https://serviceusage.googleapis.com/v1beta1/projects/649171316547/services/eventarc.googleapis.com:generateServiceIdentity  x-goog-user-project=649171316547
[debug] [2026-08-31T13:03:48.729Z] >>> [apiv2][body] POST https://serviceusage.googleapis.com/v1beta1/projects/649171316547/services/eventarc.googleapis.com:generateServiceIdentity {}
[debug] [2026-08-31T13:03:49.959Z] <<< [apiv2][status] POST https://serviceusage.googleapis.com/v1beta1/projects/649171316547/services/pubsub.googleapis.com:generateServiceIdentity 200
[debug] [2026-08-31T13:03:49.960Z] <<< [apiv2][body] POST https://serviceusage.googleapis.com/v1beta1/projects/649171316547/services/pubsub.googleapis.com:generateServiceIdentity {"name":"operations/finished.DONE_OPERATION","done":true,"response":{"@type":"type.googleapis.com/google.api.serviceusage.v1beta1.ServiceIdentity","email":"service-649171316547@gcp-sa-pubsub.iam.gserviceaccount.com","uniqueId":"102595366268306156407"}}
[debug] [2026-08-31T13:03:50.051Z] <<< [apiv2][status] POST https://serviceusage.googleapis.com/v1beta1/projects/649171316547/services/eventarc.googleapis.com:generateServiceIdentity 200
[debug] [2026-08-31T13:03:50.052Z] <<< [apiv2][body] POST https://serviceusage.googleapis.com/v1beta1/projects/649171316547/services/eventarc.googleapis.com:generateServiceIdentity {"name":"operations/finished.DONE_OPERATION","done":true,"response":{"@type":"type.googleapis.com/google.api.serviceusage.v1beta1.ServiceIdentity","email":"service-649171316547@gcp-sa-eventarc.iam.gserviceaccount.com","uniqueId":"110801447434015916728"}}
[debug] [2026-08-31T13:03:50.058Z] Checked if tokens are valid: true, expires at: 1788184880955
[debug] [2026-08-31T13:03:50.058Z] Checked if tokens are valid: true, expires at: 1788184880955
[debug] [2026-08-31T13:03:50.059Z] >>> [apiv2][query] GET https://cloudresourcemanager.googleapis.com/v1/projects/opticmall [none]
[debug] [2026-08-31T13:03:50.296Z] <<< [apiv2][status] GET https://cloudresourcemanager.googleapis.com/v1/projects/opticmall 200
[debug] [2026-08-31T13:03:50.296Z] <<< [apiv2][body] GET https://cloudresourcemanager.googleapis.com/v1/projects/opticmall {"projectNumber":"649171316547","projectId":"opticmall","lifecycleState":"ACTIVE","name":"opticmall","labels":{"firebase":"enabled","firebase-core":"disabled"},"createTime":"2026-06-11T07:13:38.563Z"}
[debug] [2026-08-31T13:03:50.297Z] Checked if tokens are valid: true, expires at: 1788184880955
[debug] [2026-08-31T13:03:50.297Z] Checked if tokens are valid: true, expires at: 1788184880955
[debug] [2026-08-31T13:03:50.298Z] >>> [apiv2][query] GET https://compute.googleapis.com/compute/v1/projects/649171316547 [none]
[debug] [2026-08-31T13:03:50.680Z] <<< [apiv2][status] GET https://compute.googleapis.com/compute/v1/projects/649171316547 403
[debug] [2026-08-31T13:03:50.681Z] <<< [apiv2][body] GET https://compute.googleapis.com/compute/v1/projects/649171316547 {"error":{"code":403,"message":"Compute Engine API has not been used in project 649171316547 before or it is disabled. Enable it by visiting https://console.developers.google.com/apis/api/compute.googleapis.com/overview?project=649171316547 then retry. If you enabled this API recently, wait a few minutes for the action to propagate to our systems and retry.","errors":[{"message":"Compute Engine API has not been used in project 649171316547 before or it is disabled. Enable it by visiting https://console.developers.google.com/apis/api/compute.googleapis.com/overview?project=649171316547 then retry. If you enabled this API recently, wait a few minutes for the action to propagate to our systems and retry.","domain":"usageLimits","reason":"accessNotConfigured","extendedHelp":"https://console.developers.google.com"}],"status":"PERMISSION_DENIED","details":[{"@type":"type.googleapis.com/google.rpc.ErrorInfo","reason":"SERVICE_DISABLED","domain":"googleapis.com","metadata":{"serviceTitle":"Compute Engine API","containerInfo":"649171316547","service":"compute.googleapis.com","activationUrl":"https://console.developers.google.com/apis/api/compute.googleapis.com/overview?project=649171316547","consumer":"projects/649171316547"}},{"@type":"type.googleapis.com/google.rpc.LocalizedMessage","locale":"en-US","message":"Compute Engine API has not been used in project 649171316547 before or it is disabled. Enable it by visiting https://console.developers.google.com/apis/api/compute.googleapis.com/overview?project=649171316547 then retry. If you enabled this API recently, wait a few minutes for the action to propagate to our systems and retry."},{"@type":"type.googleapis.com/google.rpc.Help","links":[{"description":"Google developers console API activation","url":"https://console.developers.google.com/apis/api/compute.googleapis.com/overview?project=649171316547"}]}]}}
[debug] [2026-08-31T13:03:50.686Z] unable to look up default compute service account. Falling back to 649171316547-compute@developer.gserviceaccount.com. Error: {"name":"FirebaseError","children":[],"context":{"body":{"error":{"code":403,"message":"Compute Engine API has not been used in project 649171316547 before or it is disabled. Enable it by visiting https://console.developers.google.com/apis/api/compute.googleapis.com/overview?project=649171316547 then retry. If you enabled this API recently, wait a few minutes for the action to propagate to our systems and retry.","errors":[{"message":"Compute Engine API has not been used in project 649171316547 before or it is disabled. Enable it by visiting https://console.developers.google.com/apis/api/compute.googleapis.com/overview?project=649171316547 then retry. If you enabled this API recently, wait a few minutes for the action to propagate to our systems and retry.","domain":"usageLimits","reason":"accessNotConfigured","extendedHelp":"https://console.developers.google.com"}],"status":"PERMISSION_DENIED","details":[{"@type":"type.googleapis.com/google.rpc.ErrorInfo","reason":"SERVICE_DISABLED","domain":"googleapis.com","metadata":{"serviceTitle":"Compute Engine API","containerInfo":"649171316547","service":"compute.googleapis.com","activationUrl":"https://console.developers.google.com/apis/api/compute.googleapis.com/overview?project=649171316547","consumer":"projects/649171316547"}},{"@type":"type.googleapis.com/google.rpc.LocalizedMessage","locale":"en-US","message":"Compute Engine API has not been used in project 649171316547 before or it is disabled. Enable it by visiting https://console.developers.google.com/apis/api/compute.googleapis.com/overview?project=649171316547 then retry. If you enabled this API recently, wait a few minutes for the action to propagate to our systems and retry."},{"@type":"type.googleapis.com/google.rpc.Help","links":[{"description":"Google developers console API activation","url":"https://console.developers.google.com/apis/api/compute.googleapis.com/overview?project=649171316547"}]}]}},"response":{"statusCode":403}},"exit":1,"message":"Request to https://compute.googleapis.com/compute/v1/projects/649171316547 had HTTP Error: 403, Compute Engine API has not been used in project 649171316547 before or it is disabled. Enable it by visiting https://console.developers.google.com/apis/api/compute.googleapis.com/overview?project=649171316547 then retry. If you enabled this API recently, wait a few minutes for the action to propagate to our systems and retry.","status":403}
[debug] [2026-08-31T13:03:50.697Z] Checked if tokens are valid: true, expires at: 1788184880955
[debug] [2026-08-31T13:03:50.697Z] Checked if tokens are valid: true, expires at: 1788184880955
[debug] [2026-08-31T13:03:50.700Z] >>> [apiv2][query] GET https://cloudbilling.googleapis.com/v1/projects/opticmall/billingInfo [none]
[debug] [2026-08-31T13:03:50.702Z] >>> [apiv2][(partial)header] GET https://cloudbilling.googleapis.com/v1/projects/opticmall/billingInfo  x-goog-user-project=opticmall
[debug] [2026-08-31T13:03:51.106Z] <<< [apiv2][status] GET https://cloudbilling.googleapis.com/v1/projects/opticmall/billingInfo 200
[debug] [2026-08-31T13:03:51.106Z] <<< [apiv2][body] GET https://cloudbilling.googleapis.com/v1/projects/opticmall/billingInfo {"name":"projects/opticmall/billingInfo","projectId":"opticmall","billingAccountName":"billingAccounts/01C63C-758EA6-E3E424","billingEnabled":true}
[debug] [2026-08-31T13:03:51.117Z] Checked if tokens are valid: true, expires at: 1788184880955
[debug] [2026-08-31T13:03:51.120Z] Checked if tokens are valid: true, expires at: 1788184880955
[debug] [2026-08-31T13:03:51.124Z] >>> [apiv2][query] POST https://cloudfunctions.googleapis.com/v2/projects/opticmall/locations/asia-northeast3/functions:generateUploadUrl [none]
[debug] [2026-08-31T13:03:51.367Z] <<< [apiv2][status] POST https://cloudfunctions.googleapis.com/v2/projects/opticmall/locations/asia-northeast3/functions:generateUploadUrl 200
[debug] [2026-08-31T13:03:51.369Z] <<< [apiv2][body] POST https://cloudfunctions.googleapis.com/v2/projects/opticmall/locations/asia-northeast3/functions:generateUploadUrl {"uploadUrl":"https://storage.googleapis.com/gcf-v2-uploads-649171316547.asia-northeast3.cloudfunctions.appspot.com/dfc82b65-7812-4566-a6dc-96ae4e18e44e.zip?GoogleAccessId=service-649171316547@gcf-admin-robot.iam.gserviceaccount.com&Expires=1788183231&Signature=6sKJwE7KxPa%2Bg04a0LkkkNZj78nFi9BGhhEJ4YkHNEn2%2BHc8jzluHB7WPlMNEMkIv3fvsWK6GifecwGiYG7EJBlpV4WHf7NUPwa04X1NGniMHwGU1YZKXd8JyWDqiAIdBdrr6mFa49fc3sVla42S4GCAtd41CDlcEJAqwFxBmYcHIrP3Vdr5vltgaawCqQJsCYoMWMs854FcVMh7%2FSoV3SRB1hH%2FjMYA9wm6Hp2eNL5ctN6XE7%2BTPzaAcBOhCqEtUIT4%2F01QyxDFi2VwIWRq5BoEzLNfCJt5sHaP6FTlKMqIO0OxWUmZudlRucn3SlVNFVoaEdmpYCNmNWOzX1PK6w%3D%3D","storageSource":{"bucket":"gcf-v2-uploads-649171316547.asia-northeast3.cloudfunctions.appspot.com","object":"dfc82b65-7812-4566-a6dc-96ae4e18e44e.zip"}}
[debug] [2026-08-31T13:03:51.383Z] >>> [apiv2][query] PUT https://storage.googleapis.com/gcf-v2-uploads-649171316547.asia-northeast3.cloudfunctions.appspot.com/dfc82b65-7812-4566-a6dc-96ae4e18e44e.zip GoogleAccessId=service-649171316547%40gcf-admin-robot.iam.gserviceaccount.com&Expires=1788183231&Signature=6sKJwE7KxPa%2Bg04a0LkkkNZj78nFi9BGhhEJ4YkHNEn2%2BHc8jzluHB7WPlMNEMkIv3fvsWK6GifecwGiYG7EJBlpV4WHf7NUPwa04X1NGniMHwGU1YZKXd8JyWDqiAIdBdrr6mFa49fc3sVla42S4GCAtd41CDlcEJAqwFxBmYcHIrP3Vdr5vltgaawCqQJsCYoMWMs854FcVMh7%2FSoV3SRB1hH%2FjMYA9wm6Hp2eNL5ctN6XE7%2BTPzaAcBOhCqEtUIT4%2F01QyxDFi2VwIWRq5BoEzLNfCJt5sHaP6FTlKMqIO0OxWUmZudlRucn3SlVNFVoaEdmpYCNmNWOzX1PK6w%3D%3D
[debug] [2026-08-31T13:03:51.389Z] >>> [apiv2][body] PUT https://storage.googleapis.com/gcf-v2-uploads-649171316547.asia-northeast3.cloudfunctions.appspot.com/dfc82b65-7812-4566-a6dc-96ae4e18e44e.zip [stream]
[debug] [2026-08-31T13:03:51.528Z] <<< [apiv2][status] PUT https://storage.googleapis.com/gcf-v2-uploads-649171316547.asia-northeast3.cloudfunctions.appspot.com/dfc82b65-7812-4566-a6dc-96ae4e18e44e.zip 200
[debug] [2026-08-31T13:03:51.529Z] <<< [apiv2][body] PUT https://storage.googleapis.com/gcf-v2-uploads-649171316547.asia-northeast3.cloudfunctions.appspot.com/dfc82b65-7812-4566-a6dc-96ae4e18e44e.zip [omitted]
[info] +  functions: functions source uploaded successfully 
[info] i  functions: updating Node.js 20 (2nd Gen) function getTrackingInfo(asia-northeast3)... 
[debug] [2026-08-31T13:03:51.541Z] Checked if tokens are valid: true, expires at: 1788184880955
[debug] [2026-08-31T13:03:51.544Z] Checked if tokens are valid: true, expires at: 1788184880955
[debug] [2026-08-31T13:03:51.546Z] >>> [apiv2][query] PATCH https://cloudfunctions.googleapis.com/v2/projects/opticmall/locations/asia-northeast3/functions/getTrackingInfo updateMask=name%2CbuildConfig.runtime%2CbuildConfig.entryPoint%2CbuildConfig.source.storageSource.bucket%2CbuildConfig.source.storageSource.object%2CbuildConfig.environmentVariables%2CbuildConfig.sourceToken%2CserviceConfig.environmentVariables%2CserviceConfig.ingressSettings%2CserviceConfig.timeoutSeconds%2CserviceConfig.serviceAccountEmail%2CserviceConfig.availableMemory%2CserviceConfig.minInstanceCount%2CserviceConfig.maxInstanceCount%2CserviceConfig.maxInstanceRequestConcurrency%2CserviceConfig.availableCpu%2CserviceConfig.vpcConnector%2CserviceConfig.vpcConnectorEgressSettings%2CserviceConfig.directVpcNetworkInterface%2CserviceConfig.directVpcEgress%2Clabels
[debug] [2026-08-31T13:03:51.554Z] >>> [apiv2][body] PATCH https://cloudfunctions.googleapis.com/v2/projects/opticmall/locations/asia-northeast3/functions/getTrackingInfo {"name":"projects/opticmall/locations/asia-northeast3/functions/getTrackingInfo","buildConfig":{"runtime":"nodejs20","entryPoint":"getTrackingInfo","source":{"storageSource":{"bucket":"gcf-v2-uploads-649171316547.asia-northeast3.cloudfunctions.appspot.com","object":"dfc82b65-7812-4566-a6dc-96ae4e18e44e.zip"}},"environmentVariables":{"GOOGLE_NODE_RUN_SCRIPTS":""}},"serviceConfig":{"environmentVariables":{"SWEETTRACKER_KEY":"PVONNmzqYpXvNxhRkeCZvg","FIREBASE_CONFIG":"{\"projectId\":\"opticmall\",\"storageBucket\":\"opticmall.firebasestorage.app\"}","GCLOUD_PROJECT":"opticmall","EVENTARC_CLOUD_EVENT_SOURCE":"projects/opticmall/locations/asia-northeast3/services/getTrackingInfo","FUNCTION_TARGET":"getTrackingInfo","LOG_EXECUTION_ID":"true"},"ingressSettings":null,"timeoutSeconds":null,"serviceAccountEmail":null,"availableMemory":"256Mi","minInstanceCount":null,"maxInstanceCount":null,"maxInstanceRequestConcurrency":80,"availableCpu":"1","vpcConnector":null,"vpcConnectorEgressSettings":null,"directVpcNetworkInterface":null,"directVpcEgress":null},"labels":{"deployment-tool":"cli-firebase","firebase-functions-hash":"b1f75cedb4fffdd4fdb600048f8dda683313eb7c"}}
[debug] [2026-08-31T13:03:53.114Z] <<< [apiv2][status] PATCH https://cloudfunctions.googleapis.com/v2/projects/opticmall/locations/asia-northeast3/functions/getTrackingInfo 200
[debug] [2026-08-31T13:03:53.115Z] <<< [apiv2][body] PATCH https://cloudfunctions.googleapis.com/v2/projects/opticmall/locations/asia-northeast3/functions/getTrackingInfo {"name":"projects/opticmall/locations/asia-northeast3/operations/operation-1788181432124-65a576f0e45fb-f0785d24-c3a274e1","metadata":{"@type":"type.googleapis.com/google.cloud.functions.v2.OperationMetadata","createTime":"2026-08-31T13:03:53.334482199Z","target":"projects/opticmall/locations/asia-northeast3/functions/getTrackingInfo","verb":"update","cancelRequested":false,"apiVersion":"v2"},"done":false}
[debug] [2026-08-31T13:03:53.117Z] Checked if tokens are valid: true, expires at: 1788184880955
[debug] [2026-08-31T13:03:53.118Z] Checked if tokens are valid: true, expires at: 1788184880955
[debug] [2026-08-31T13:03:53.119Z] >>> [apiv2][query] GET https://cloudfunctions.googleapis.com/v2/projects/opticmall/locations/asia-northeast3/operations/operation-1788181432124-65a576f0e45fb-f0785d24-c3a274e1 [none]
[debug] [2026-08-31T13:03:53.261Z] <<< [apiv2][status] GET https://cloudfunctions.googleapis.com/v2/projects/opticmall/locations/asia-northeast3/operations/operation-1788181432124-65a576f0e45fb-f0785d24-c3a274e1 200
[debug] [2026-08-31T13:03:53.262Z] <<< [apiv2][body] GET https://cloudfunctions.googleapis.com/v2/projects/opticmall/locations/asia-northeast3/operations/operation-1788181432124-65a576f0e45fb-f0785d24-c3a274e1 {"name":"projects/opticmall/locations/asia-northeast3/operations/operation-1788181432124-65a576f0e45fb-f0785d24-c3a274e1","metadata":{"@type":"type.googleapis.com/google.cloud.functions.v2.OperationMetadata","createTime":"2026-08-31T13:03:53.334482199Z","target":"projects/opticmall/locations/asia-northeast3/functions/getTrackingInfo","verb":"update","cancelRequested":false,"apiVersion":"v2","requestResource":{"@type":"type.googleapis.com/google.cloud.functions.v2.Function","name":"projects/opticmall/locations/asia-northeast3/functions/getTrackingInfo","buildConfig":{"runtime":"nodejs20","entryPoint":"getTrackingInfo","source":{"storageSource":{"bucket":"gcf-v2-sources-649171316547-asia-northeast3","object":"getTrackingInfo/function-source.zip","generation":"1788181433295413"}},"environmentVariables":{"GOOGLE_NODE_RUN_SCRIPTS":""},"dockerRepository":"projects/opticmall/locations/asia-northeast3/repositories/gcf-artifacts","sourceProvenance":{"resolvedStorageSource":{"bucket":"gcf-v2-sources-649171316547-asia-northeast3","object":"getTrackingInfo/function-source.zip","generation":"1785822854085122"}},"dockerRegistry":"ARTIFACT_REGISTRY","serviceAccount":"projects/opticmall/serviceAccounts/649171316547-compute@developer.gserviceaccount.com","automaticUpdatePolicy":{}},"serviceConfig":{"service":"projects/opticmall/locations/asia-northeast3/services/gettrackinginfo","timeoutSeconds":60,"environmentVariables":{"SWEETTRACKER_KEY":"PVONNmzqYpXvNxhRkeCZvg","FIREBASE_CONFIG":"{\"projectId\":\"opticmall\",\"storageBucket\":\"opticmall.firebasestorage.app\"}","GCLOUD_PROJECT":"opticmall","EVENTARC_CLOUD_EVENT_SOURCE":"projects/opticmall/locations/asia-northeast3/services/getTrackingInfo","FUNCTION_TARGET":"getTrackingInfo","LOG_EXECUTION_ID":"true"},"ingressSettings":"ALLOW_ALL","uri":"https://gettrackinginfo-efvzybbwoa-du.a.run.app","serviceAccountEmail":"649171316547-compute@developer.gserviceaccount.com","availableMemory":"256Mi","allTrafficOnLatestRevision":true,"maxInstanceRequestConcurrency":80,"availableCpu":"1"},"state":"ACTIVE","labels":{"deployment-tool":"cloud-console","firebase-functions-hash":"b1f75cedb4fffdd4fdb600048f8dda683313eb7c"},"environment":"GEN_2","url":"https://asia-northeast3-opticmall.cloudfunctions.net/getTrackingInfo","satisfiesPzs":true,"satisfiesPzi":true},"stages":[{"name":"BUILD","state":"NOT_STARTED","stateMessages":[{"severity":"WARNING","type":"BuildAnalysisWarning","message":"Node.js 20 is no longer supported by the Node.js community as of 30 April, 2026. Node.js 20 will be decommissioned on 2026-10-30. As of 2026-10-30 you will no longer be able to deploy your Cloud Functions using nodejs20. We recommend you to upgrade to the latest version of Node.js as soon as possible."}]},{"name":"SERVICE","state":"NOT_STARTED"}],"operationType":"UPDATE_FUNCTION"},"done":false}
[debug] [2026-08-31T13:03:53.771Z] [update-default-asia-northeast3-getTrackingInfo] Retrying task index 0
[debug] [2026-08-31T13:03:53.773Z] Checked if tokens are valid: true, expires at: 1788184880955
[debug] [2026-08-31T13:03:53.775Z] Checked if tokens are valid: true, expires at: 1788184880955
[debug] [2026-08-31T13:03:53.776Z] >>> [apiv2][query] GET https://cloudfunctions.googleapis.com/v2/projects/opticmall/locations/asia-northeast3/operations/operation-1788181432124-65a576f0e45fb-f0785d24-c3a274e1 [none]
[debug] [2026-08-31T13:03:54.025Z] <<< [apiv2][status] GET https://cloudfunctions.googleapis.com/v2/projects/opticmall/locations/asia-northeast3/operations/operation-1788181432124-65a576f0e45fb-f0785d24-c3a274e1 200
[debug] [2026-08-31T13:03:54.025Z] <<< [apiv2][body] GET https://cloudfunctions.googleapis.com/v2/projects/opticmall/locations/asia-northeast3/operations/operation-1788181432124-65a576f0e45fb-f0785d24-c3a274e1 {"name":"projects/opticmall/locations/asia-northeast3/operations/operation-1788181432124-65a576f0e45fb-f0785d24-c3a274e1","metadata":{"@type":"type.googleapis.com/google.cloud.functions.v2.OperationMetadata","createTime":"2026-08-31T13:03:53.334482199Z","target":"projects/opticmall/locations/asia-northeast3/functions/getTrackingInfo","verb":"update","cancelRequested":false,"apiVersion":"v2","requestResource":{"@type":"type.googleapis.com/google.cloud.functions.v2.Function","name":"projects/opticmall/locations/asia-northeast3/functions/getTrackingInfo","buildConfig":{"runtime":"nodejs20","entryPoint":"getTrackingInfo","source":{"storageSource":{"bucket":"gcf-v2-sources-649171316547-asia-northeast3","object":"getTrackingInfo/function-source.zip","generation":"1788181433295413"}},"environmentVariables":{"GOOGLE_NODE_RUN_SCRIPTS":""},"dockerRepository":"projects/opticmall/locations/asia-northeast3/repositories/gcf-artifacts","sourceProvenance":{"resolvedStorageSource":{"bucket":"gcf-v2-sources-649171316547-asia-northeast3","object":"getTrackingInfo/function-source.zip","generation":"1785822854085122"}},"dockerRegistry":"ARTIFACT_REGISTRY","serviceAccount":"projects/opticmall/serviceAccounts/649171316547-compute@developer.gserviceaccount.com","automaticUpdatePolicy":{}},"serviceConfig":{"service":"projects/opticmall/locations/asia-northeast3/services/gettrackinginfo","timeoutSeconds":60,"environmentVariables":{"SWEETTRACKER_KEY":"PVONNmzqYpXvNxhRkeCZvg","FIREBASE_CONFIG":"{\"projectId\":\"opticmall\",\"storageBucket\":\"opticmall.firebasestorage.app\"}","GCLOUD_PROJECT":"opticmall","EVENTARC_CLOUD_EVENT_SOURCE":"projects/opticmall/locations/asia-northeast3/services/getTrackingInfo","FUNCTION_TARGET":"getTrackingInfo","LOG_EXECUTION_ID":"true"},"ingressSettings":"ALLOW_ALL","uri":"https://gettrackinginfo-efvzybbwoa-du.a.run.app","serviceAccountEmail":"649171316547-compute@developer.gserviceaccount.com","availableMemory":"256Mi","allTrafficOnLatestRevision":true,"maxInstanceRequestConcurrency":80,"availableCpu":"1"},"state":"ACTIVE","labels":{"deployment-tool":"cloud-console","firebase-functions-hash":"b1f75cedb4fffdd4fdb600048f8dda683313eb7c"},"environment":"GEN_2","url":"https://asia-northeast3-opticmall.cloudfunctions.net/getTrackingInfo","satisfiesPzs":true,"satisfiesPzi":true},"stages":[{"name":"BUILD","state":"NOT_STARTED","stateMessages":[{"severity":"WARNING","type":"BuildAnalysisWarning","message":"Node.js 20 is no longer supported by the Node.js community as of 30 April, 2026. Node.js 20 will be decommissioned on 2026-10-30. As of 2026-10-30 you will no longer be able to deploy your Cloud Functions using nodejs20. We recommend you to upgrade to the latest version of Node.js as soon as possible."}]},{"name":"SERVICE","state":"NOT_STARTED"}],"operationType":"UPDATE_FUNCTION"},"done":false}
[debug] [2026-08-31T13:03:55.041Z] [update-default-asia-northeast3-getTrackingInfo] Retrying task index 0
[debug] [2026-08-31T13:03:55.042Z] Checked if tokens are valid: true, expires at: 1788184880955
[debug] [2026-08-31T13:03:55.045Z] Checked if tokens are valid: true, expires at: 1788184880955
[debug] [2026-08-31T13:03:55.053Z] >>> [apiv2][query] GET https://cloudfunctions.googleapis.com/v2/projects/opticmall/locations/asia-northeast3/operations/operation-1788181432124-65a576f0e45fb-f0785d24-c3a274e1 [none]
[debug] [2026-08-31T13:03:55.333Z] <<< [apiv2][status] GET https://cloudfunctions.googleapis.com/v2/projects/opticmall/locations/asia-northeast3/operations/operation-1788181432124-65a576f0e45fb-f0785d24-c3a274e1 200
[debug] [2026-08-31T13:03:55.333Z] <<< [apiv2][body] GET https://cloudfunctions.googleapis.com/v2/projects/opticmall/locations/asia-northeast3/operations/operation-1788181432124-65a576f0e45fb-f0785d24-c3a274e1 {"name":"projects/opticmall/locations/asia-northeast3/operations/operation-1788181432124-65a576f0e45fb-f0785d24-c3a274e1","metadata":{"@type":"type.googleapis.com/google.cloud.functions.v2.OperationMetadata","createTime":"2026-08-31T13:03:53.334482199Z","target":"projects/opticmall/locations/asia-northeast3/functions/getTrackingInfo","verb":"update","cancelRequested":false,"apiVersion":"v2","requestResource":{"@type":"type.googleapis.com/google.cloud.functions.v2.Function","name":"projects/opticmall/locations/asia-northeast3/functions/getTrackingInfo","buildConfig":{"runtime":"nodejs20","entryPoint":"getTrackingInfo","source":{"storageSource":{"bucket":"gcf-v2-sources-649171316547-asia-northeast3","object":"getTrackingInfo/function-source.zip","generation":"1788181433295413"}},"environmentVariables":{"GOOGLE_NODE_RUN_SCRIPTS":""},"dockerRepository":"projects/opticmall/locations/asia-northeast3/repositories/gcf-artifacts","sourceProvenance":{"resolvedStorageSource":{"bucket":"gcf-v2-sources-649171316547-asia-northeast3","object":"getTrackingInfo/function-source.zip","generation":"1785822854085122"}},"dockerRegistry":"ARTIFACT_REGISTRY","serviceAccount":"projects/opticmall/serviceAccounts/649171316547-compute@developer.gserviceaccount.com","automaticUpdatePolicy":{}},"serviceConfig":{"service":"projects/opticmall/locations/asia-northeast3/services/gettrackinginfo","timeoutSeconds":60,"environmentVariables":{"SWEETTRACKER_KEY":"PVONNmzqYpXvNxhRkeCZvg","FIREBASE_CONFIG":"{\"projectId\":\"opticmall\",\"storageBucket\":\"opticmall.firebasestorage.app\"}","GCLOUD_PROJECT":"opticmall","EVENTARC_CLOUD_EVENT_SOURCE":"projects/opticmall/locations/asia-northeast3/services/getTrackingInfo","FUNCTION_TARGET":"getTrackingInfo","LOG_EXECUTION_ID":"true"},"ingressSettings":"ALLOW_ALL","uri":"https://gettrackinginfo-efvzybbwoa-du.a.run.app","serviceAccountEmail":"649171316547-compute@developer.gserviceaccount.com","availableMemory":"256Mi","allTrafficOnLatestRevision":true,"maxInstanceRequestConcurrency":80,"availableCpu":"1"},"state":"ACTIVE","labels":{"deployment-tool":"cloud-console","firebase-functions-hash":"b1f75cedb4fffdd4fdb600048f8dda683313eb7c"},"environment":"GEN_2","url":"https://asia-northeast3-opticmall.cloudfunctions.net/getTrackingInfo","satisfiesPzs":true,"satisfiesPzi":true},"stages":[{"name":"BUILD","message":"Build in progress","state":"IN_PROGRESS","resource":"projects/649171316547/locations/asia-northeast3/builds/3770ca75-df48-4d64-9797-7669c4afa6c5","resourceUri":"https://console.cloud.google.com/cloud-build/builds;region=asia-northeast3/3770ca75-df48-4d64-9797-7669c4afa6c5?project=649171316547"},{"name":"SERVICE","state":"NOT_STARTED"}],"operationType":"UPDATE_FUNCTION","buildName":"projects/649171316547/locations/asia-northeast3/builds/3770ca75-df48-4d64-9797-7669c4afa6c5"},"done":false}
[debug] [2026-08-31T13:03:57.351Z] [update-default-asia-northeast3-getTrackingInfo] Retrying task index 0
[debug] [2026-08-31T13:03:57.353Z] Checked if tokens are valid: true, expires at: 1788184880955
[debug] [2026-08-31T13:03:57.356Z] Checked if tokens are valid: true, expires at: 1788184880955
[debug] [2026-08-31T13:03:57.364Z] >>> [apiv2][query] GET https://cloudfunctions.googleapis.com/v2/projects/opticmall/locations/asia-northeast3/operations/operation-1788181432124-65a576f0e45fb-f0785d24-c3a274e1 [none]
[debug] [2026-08-31T13:03:57.816Z] <<< [apiv2][status] GET https://cloudfunctions.googleapis.com/v2/projects/opticmall/locations/asia-northeast3/operations/operation-1788181432124-65a576f0e45fb-f0785d24-c3a274e1 200
[debug] [2026-08-31T13:03:57.818Z] <<< [apiv2][body] GET https://cloudfunctions.googleapis.com/v2/projects/opticmall/locations/asia-northeast3/operations/operation-1788181432124-65a576f0e45fb-f0785d24-c3a274e1 {"name":"projects/opticmall/locations/asia-northeast3/operations/operation-1788181432124-65a576f0e45fb-f0785d24-c3a274e1","metadata":{"@type":"type.googleapis.com/google.cloud.functions.v2.OperationMetadata","createTime":"2026-08-31T13:03:53.334482199Z","target":"projects/opticmall/locations/asia-northeast3/functions/getTrackingInfo","verb":"update","cancelRequested":false,"apiVersion":"v2","requestResource":{"@type":"type.googleapis.com/google.cloud.functions.v2.Function","name":"projects/opticmall/locations/asia-northeast3/functions/getTrackingInfo","buildConfig":{"runtime":"nodejs20","entryPoint":"getTrackingInfo","source":{"storageSource":{"bucket":"gcf-v2-sources-649171316547-asia-northeast3","object":"getTrackingInfo/function-source.zip","generation":"1788181433295413"}},"environmentVariables":{"GOOGLE_NODE_RUN_SCRIPTS":""},"dockerRepository":"projects/opticmall/locations/asia-northeast3/repositories/gcf-artifacts","sourceProvenance":{"resolvedStorageSource":{"bucket":"gcf-v2-sources-649171316547-asia-northeast3","object":"getTrackingInfo/function-source.zip","generation":"1785822854085122"}},"dockerRegistry":"ARTIFACT_REGISTRY","serviceAccount":"projects/opticmall/serviceAccounts/649171316547-compute@developer.gserviceaccount.com","automaticUpdatePolicy":{}},"serviceConfig":{"service":"projects/opticmall/locations/asia-northeast3/services/gettrackinginfo","timeoutSeconds":60,"environmentVariables":{"SWEETTRACKER_KEY":"PVONNmzqYpXvNxhRkeCZvg","FIREBASE_CONFIG":"{\"projectId\":\"opticmall\",\"storageBucket\":\"opticmall.firebasestorage.app\"}","GCLOUD_PROJECT":"opticmall","EVENTARC_CLOUD_EVENT_SOURCE":"projects/opticmall/locations/asia-northeast3/services/getTrackingInfo","FUNCTION_TARGET":"getTrackingInfo","LOG_EXECUTION_ID":"true"},"ingressSettings":"ALLOW_ALL","uri":"https://gettrackinginfo-efvzybbwoa-du.a.run.app","serviceAccountEmail":"649171316547-compute@developer.gserviceaccount.com","availableMemory":"256Mi","allTrafficOnLatestRevision":true,"maxInstanceRequestConcurrency":80,"availableCpu":"1"},"state":"ACTIVE","labels":{"deployment-tool":"cloud-console","firebase-functions-hash":"b1f75cedb4fffdd4fdb600048f8dda683313eb7c"},"environment":"GEN_2","url":"https://asia-northeast3-opticmall.cloudfunctions.net/getTrackingInfo","satisfiesPzs":true,"satisfiesPzi":true},"stages":[{"name":"BUILD","message":"Build in progress","state":"IN_PROGRESS","resource":"projects/649171316547/locations/asia-northeast3/builds/3770ca75-df48-4d64-9797-7669c4afa6c5","resourceUri":"https://console.cloud.google.com/cloud-build/builds;region=asia-northeast3/3770ca75-df48-4d64-9797-7669c4afa6c5?project=649171316547"},{"name":"SERVICE","state":"NOT_STARTED"}],"operationType":"UPDATE_FUNCTION","buildName":"projects/649171316547/locations/asia-northeast3/builds/3770ca75-df48-4d64-9797-7669c4afa6c5"},"done":false}
[debug] [2026-08-31T13:04:01.837Z] [update-default-asia-northeast3-getTrackingInfo] Retrying task index 0
[debug] [2026-08-31T13:04:01.838Z] Checked if tokens are valid: true, expires at: 1788184880955
[debug] [2026-08-31T13:04:01.841Z] Checked if tokens are valid: true, expires at: 1788184880955
[debug] [2026-08-31T13:04:01.849Z] >>> [apiv2][query] GET https://cloudfunctions.googleapis.com/v2/projects/opticmall/locations/asia-northeast3/operations/operation-1788181432124-65a576f0e45fb-f0785d24-c3a274e1 [none]
[debug] [2026-08-31T13:04:01.945Z] <<< [apiv2][status] GET https://cloudfunctions.googleapis.com/v2/projects/opticmall/locations/asia-northeast3/operations/operation-1788181432124-65a576f0e45fb-f0785d24-c3a274e1 200
[debug] [2026-08-31T13:04:01.946Z] <<< [apiv2][body] GET https://cloudfunctions.googleapis.com/v2/projects/opticmall/locations/asia-northeast3/operations/operation-1788181432124-65a576f0e45fb-f0785d24-c3a274e1 {"name":"projects/opticmall/locations/asia-northeast3/operations/operation-1788181432124-65a576f0e45fb-f0785d24-c3a274e1","metadata":{"@type":"type.googleapis.com/google.cloud.functions.v2.OperationMetadata","createTime":"2026-08-31T13:03:53.334482199Z","target":"projects/opticmall/locations/asia-northeast3/functions/getTrackingInfo","verb":"update","cancelRequested":false,"apiVersion":"v2","requestResource":{"@type":"type.googleapis.com/google.cloud.functions.v2.Function","name":"projects/opticmall/locations/asia-northeast3/functions/getTrackingInfo","buildConfig":{"runtime":"nodejs20","entryPoint":"getTrackingInfo","source":{"storageSource":{"bucket":"gcf-v2-sources-649171316547-asia-northeast3","object":"getTrackingInfo/function-source.zip","generation":"1788181433295413"}},"environmentVariables":{"GOOGLE_NODE_RUN_SCRIPTS":""},"dockerRepository":"projects/opticmall/locations/asia-northeast3/repositories/gcf-artifacts","sourceProvenance":{"resolvedStorageSource":{"bucket":"gcf-v2-sources-649171316547-asia-northeast3","object":"getTrackingInfo/function-source.zip","generation":"1785822854085122"}},"dockerRegistry":"ARTIFACT_REGISTRY","serviceAccount":"projects/opticmall/serviceAccounts/649171316547-compute@developer.gserviceaccount.com","automaticUpdatePolicy":{}},"serviceConfig":{"service":"projects/opticmall/locations/asia-northeast3/services/gettrackinginfo","timeoutSeconds":60,"environmentVariables":{"SWEETTRACKER_KEY":"PVONNmzqYpXvNxhRkeCZvg","FIREBASE_CONFIG":"{\"projectId\":\"opticmall\",\"storageBucket\":\"opticmall.firebasestorage.app\"}","GCLOUD_PROJECT":"opticmall","EVENTARC_CLOUD_EVENT_SOURCE":"projects/opticmall/locations/asia-northeast3/services/getTrackingInfo","FUNCTION_TARGET":"getTrackingInfo","LOG_EXECUTION_ID":"true"},"ingressSettings":"ALLOW_ALL","uri":"https://gettrackinginfo-efvzybbwoa-du.a.run.app","serviceAccountEmail":"649171316547-compute@developer.gserviceaccount.com","availableMemory":"256Mi","allTrafficOnLatestRevision":true,"maxInstanceRequestConcurrency":80,"availableCpu":"1"},"state":"ACTIVE","labels":{"deployment-tool":"cloud-console","firebase-functions-hash":"b1f75cedb4fffdd4fdb600048f8dda683313eb7c"},"environment":"GEN_2","url":"https://asia-northeast3-opticmall.cloudfunctions.net/getTrackingInfo","satisfiesPzs":true,"satisfiesPzi":true},"stages":[{"name":"BUILD","message":"Build in progress","state":"IN_PROGRESS","resource":"projects/649171316547/locations/asia-northeast3/builds/3770ca75-df48-4d64-9797-7669c4afa6c5","resourceUri":"https://console.cloud.google.com/cloud-build/builds;region=asia-northeast3/3770ca75-df48-4d64-9797-7669c4afa6c5?project=649171316547"},{"name":"SERVICE","state":"NOT_STARTED"}],"operationType":"UPDATE_FUNCTION","buildName":"projects/649171316547/locations/asia-northeast3/builds/3770ca75-df48-4d64-9797-7669c4afa6c5"},"done":false}
[debug] [2026-08-31T13:04:09.962Z] [update-default-asia-northeast3-getTrackingInfo] Retrying task index 0
[debug] [2026-08-31T13:04:09.963Z] Checked if tokens are valid: true, expires at: 1788184880955
[debug] [2026-08-31T13:04:09.971Z] Checked if tokens are valid: true, expires at: 1788184880955
[debug] [2026-08-31T13:04:09.975Z] >>> [apiv2][query] GET https://cloudfunctions.googleapis.com/v2/projects/opticmall/locations/asia-northeast3/operations/operation-1788181432124-65a576f0e45fb-f0785d24-c3a274e1 [none]
[debug] [2026-08-31T13:04:10.390Z] <<< [apiv2][status] GET https://cloudfunctions.googleapis.com/v2/projects/opticmall/locations/asia-northeast3/operations/operation-1788181432124-65a576f0e45fb-f0785d24-c3a274e1 200
[debug] [2026-08-31T13:04:10.390Z] <<< [apiv2][body] GET https://cloudfunctions.googleapis.com/v2/projects/opticmall/locations/asia-northeast3/operations/operation-1788181432124-65a576f0e45fb-f0785d24-c3a274e1 {"name":"projects/opticmall/locations/asia-northeast3/operations/operation-1788181432124-65a576f0e45fb-f0785d24-c3a274e1","metadata":{"@type":"type.googleapis.com/google.cloud.functions.v2.OperationMetadata","createTime":"2026-08-31T13:03:53.334482199Z","target":"projects/opticmall/locations/asia-northeast3/functions/getTrackingInfo","verb":"update","cancelRequested":false,"apiVersion":"v2","requestResource":{"@type":"type.googleapis.com/google.cloud.functions.v2.Function","name":"projects/opticmall/locations/asia-northeast3/functions/getTrackingInfo","buildConfig":{"runtime":"nodejs20","entryPoint":"getTrackingInfo","source":{"storageSource":{"bucket":"gcf-v2-sources-649171316547-asia-northeast3","object":"getTrackingInfo/function-source.zip","generation":"1788181433295413"}},"environmentVariables":{"GOOGLE_NODE_RUN_SCRIPTS":""},"dockerRepository":"projects/opticmall/locations/asia-northeast3/repositories/gcf-artifacts","sourceProvenance":{"resolvedStorageSource":{"bucket":"gcf-v2-sources-649171316547-asia-northeast3","object":"getTrackingInfo/function-source.zip","generation":"1785822854085122"}},"dockerRegistry":"ARTIFACT_REGISTRY","serviceAccount":"projects/opticmall/serviceAccounts/649171316547-compute@developer.gserviceaccount.com","automaticUpdatePolicy":{}},"serviceConfig":{"service":"projects/opticmall/locations/asia-northeast3/services/gettrackinginfo","timeoutSeconds":60,"environmentVariables":{"SWEETTRACKER_KEY":"PVONNmzqYpXvNxhRkeCZvg","FIREBASE_CONFIG":"{\"projectId\":\"opticmall\",\"storageBucket\":\"opticmall.firebasestorage.app\"}","GCLOUD_PROJECT":"opticmall","EVENTARC_CLOUD_EVENT_SOURCE":"projects/opticmall/locations/asia-northeast3/services/getTrackingInfo","FUNCTION_TARGET":"getTrackingInfo","LOG_EXECUTION_ID":"true"},"ingressSettings":"ALLOW_ALL","uri":"https://gettrackinginfo-efvzybbwoa-du.a.run.app","serviceAccountEmail":"649171316547-compute@developer.gserviceaccount.com","availableMemory":"256Mi","allTrafficOnLatestRevision":true,"maxInstanceRequestConcurrency":80,"availableCpu":"1"},"state":"ACTIVE","labels":{"deployment-tool":"cloud-console","firebase-functions-hash":"b1f75cedb4fffdd4fdb600048f8dda683313eb7c"},"environment":"GEN_2","url":"https://asia-northeast3-opticmall.cloudfunctions.net/getTrackingInfo","satisfiesPzs":true,"satisfiesPzi":true},"stages":[{"name":"BUILD","message":"Build in progress","state":"IN_PROGRESS","resource":"projects/649171316547/locations/asia-northeast3/builds/3770ca75-df48-4d64-9797-7669c4afa6c5","resourceUri":"https://console.cloud.google.com/cloud-build/builds;region=asia-northeast3/3770ca75-df48-4d64-9797-7669c4afa6c5?project=649171316547"},{"name":"SERVICE","state":"NOT_STARTED"}],"operationType":"UPDATE_FUNCTION","buildName":"projects/649171316547/locations/asia-northeast3/builds/3770ca75-df48-4d64-9797-7669c4afa6c5"},"done":false}
[debug] [2026-08-31T13:04:20.406Z] [update-default-asia-northeast3-getTrackingInfo] Retrying task index 0
[debug] [2026-08-31T13:04:20.407Z] Checked if tokens are valid: true, expires at: 1788184880955
[debug] [2026-08-31T13:04:20.408Z] Checked if tokens are valid: true, expires at: 1788184880955
[debug] [2026-08-31T13:04:20.408Z] >>> [apiv2][query] GET https://cloudfunctions.googleapis.com/v2/projects/opticmall/locations/asia-northeast3/operations/operation-1788181432124-65a576f0e45fb-f0785d24-c3a274e1 [none]
[debug] [2026-08-31T13:04:20.555Z] <<< [apiv2][status] GET https://cloudfunctions.googleapis.com/v2/projects/opticmall/locations/asia-northeast3/operations/operation-1788181432124-65a576f0e45fb-f0785d24-c3a274e1 200
[debug] [2026-08-31T13:04:20.556Z] <<< [apiv2][body] GET https://cloudfunctions.googleapis.com/v2/projects/opticmall/locations/asia-northeast3/operations/operation-1788181432124-65a576f0e45fb-f0785d24-c3a274e1 {"name":"projects/opticmall/locations/asia-northeast3/operations/operation-1788181432124-65a576f0e45fb-f0785d24-c3a274e1","metadata":{"@type":"type.googleapis.com/google.cloud.functions.v2.OperationMetadata","createTime":"2026-08-31T13:03:53.334482199Z","target":"projects/opticmall/locations/asia-northeast3/functions/getTrackingInfo","verb":"update","cancelRequested":false,"apiVersion":"v2","requestResource":{"@type":"type.googleapis.com/google.cloud.functions.v2.Function","name":"projects/opticmall/locations/asia-northeast3/functions/getTrackingInfo","buildConfig":{"runtime":"nodejs20","entryPoint":"getTrackingInfo","source":{"storageSource":{"bucket":"gcf-v2-sources-649171316547-asia-northeast3","object":"getTrackingInfo/function-source.zip","generation":"1788181433295413"}},"environmentVariables":{"GOOGLE_NODE_RUN_SCRIPTS":""},"dockerRepository":"projects/opticmall/locations/asia-northeast3/repositories/gcf-artifacts","sourceProvenance":{"resolvedStorageSource":{"bucket":"gcf-v2-sources-649171316547-asia-northeast3","object":"getTrackingInfo/function-source.zip","generation":"1785822854085122"}},"dockerRegistry":"ARTIFACT_REGISTRY","serviceAccount":"projects/opticmall/serviceAccounts/649171316547-compute@developer.gserviceaccount.com","automaticUpdatePolicy":{}},"serviceConfig":{"service":"projects/opticmall/locations/asia-northeast3/services/gettrackinginfo","timeoutSeconds":60,"environmentVariables":{"SWEETTRACKER_KEY":"PVONNmzqYpXvNxhRkeCZvg","FIREBASE_CONFIG":"{\"projectId\":\"opticmall\",\"storageBucket\":\"opticmall.firebasestorage.app\"}","GCLOUD_PROJECT":"opticmall","EVENTARC_CLOUD_EVENT_SOURCE":"projects/opticmall/locations/asia-northeast3/services/getTrackingInfo","FUNCTION_TARGET":"getTrackingInfo","LOG_EXECUTION_ID":"true"},"ingressSettings":"ALLOW_ALL","uri":"https://gettrackinginfo-efvzybbwoa-du.a.run.app","serviceAccountEmail":"649171316547-compute@developer.gserviceaccount.com","availableMemory":"256Mi","allTrafficOnLatestRevision":true,"maxInstanceRequestConcurrency":80,"availableCpu":"1"},"state":"ACTIVE","labels":{"deployment-tool":"cloud-console","firebase-functions-hash":"b1f75cedb4fffdd4fdb600048f8dda683313eb7c"},"environment":"GEN_2","url":"https://asia-northeast3-opticmall.cloudfunctions.net/getTrackingInfo","satisfiesPzs":true,"satisfiesPzi":true},"stages":[{"name":"BUILD","message":"Build in progress","state":"IN_PROGRESS","resource":"projects/649171316547/locations/asia-northeast3/builds/3770ca75-df48-4d64-9797-7669c4afa6c5","resourceUri":"https://console.cloud.google.com/cloud-build/builds;region=asia-northeast3/3770ca75-df48-4d64-9797-7669c4afa6c5?project=649171316547"},{"name":"SERVICE","state":"NOT_STARTED"}],"operationType":"UPDATE_FUNCTION","buildName":"projects/649171316547/locations/asia-northeast3/builds/3770ca75-df48-4d64-9797-7669c4afa6c5"},"done":false}
[debug] [2026-08-31T13:04:30.561Z] [update-default-asia-northeast3-getTrackingInfo] Retrying task index 0
[debug] [2026-08-31T13:04:30.562Z] Checked if tokens are valid: true, expires at: 1788184880955
[debug] [2026-08-31T13:04:30.566Z] Checked if tokens are valid: true, expires at: 1788184880955
[debug] [2026-08-31T13:04:30.567Z] >>> [apiv2][query] GET https://cloudfunctions.googleapis.com/v2/projects/opticmall/locations/asia-northeast3/operations/operation-1788181432124-65a576f0e45fb-f0785d24-c3a274e1 [none]
[debug] [2026-08-31T13:04:30.759Z] <<< [apiv2][status] GET https://cloudfunctions.googleapis.com/v2/projects/opticmall/locations/asia-northeast3/operations/operation-1788181432124-65a576f0e45fb-f0785d24-c3a274e1 200
[debug] [2026-08-31T13:04:30.760Z] <<< [apiv2][body] GET https://cloudfunctions.googleapis.com/v2/projects/opticmall/locations/asia-northeast3/operations/operation-1788181432124-65a576f0e45fb-f0785d24-c3a274e1 {"name":"projects/opticmall/locations/asia-northeast3/operations/operation-1788181432124-65a576f0e45fb-f0785d24-c3a274e1","metadata":{"@type":"type.googleapis.com/google.cloud.functions.v2.OperationMetadata","createTime":"2026-08-31T13:03:53.334482199Z","target":"projects/opticmall/locations/asia-northeast3/functions/getTrackingInfo","verb":"update","cancelRequested":false,"apiVersion":"v2","requestResource":{"@type":"type.googleapis.com/google.cloud.functions.v2.Function","name":"projects/opticmall/locations/asia-northeast3/functions/getTrackingInfo","buildConfig":{"runtime":"nodejs20","entryPoint":"getTrackingInfo","source":{"storageSource":{"bucket":"gcf-v2-sources-649171316547-asia-northeast3","object":"getTrackingInfo/function-source.zip","generation":"1788181433295413"}},"environmentVariables":{"GOOGLE_NODE_RUN_SCRIPTS":""},"dockerRepository":"projects/opticmall/locations/asia-northeast3/repositories/gcf-artifacts","sourceProvenance":{"resolvedStorageSource":{"bucket":"gcf-v2-sources-649171316547-asia-northeast3","object":"getTrackingInfo/function-source.zip","generation":"1785822854085122"}},"dockerRegistry":"ARTIFACT_REGISTRY","serviceAccount":"projects/opticmall/serviceAccounts/649171316547-compute@developer.gserviceaccount.com","automaticUpdatePolicy":{}},"serviceConfig":{"service":"projects/opticmall/locations/asia-northeast3/services/gettrackinginfo","timeoutSeconds":60,"environmentVariables":{"SWEETTRACKER_KEY":"PVONNmzqYpXvNxhRkeCZvg","FIREBASE_CONFIG":"{\"projectId\":\"opticmall\",\"storageBucket\":\"opticmall.firebasestorage.app\"}","GCLOUD_PROJECT":"opticmall","EVENTARC_CLOUD_EVENT_SOURCE":"projects/opticmall/locations/asia-northeast3/services/getTrackingInfo","FUNCTION_TARGET":"getTrackingInfo","LOG_EXECUTION_ID":"true"},"ingressSettings":"ALLOW_ALL","uri":"https://gettrackinginfo-efvzybbwoa-du.a.run.app","serviceAccountEmail":"649171316547-compute@developer.gserviceaccount.com","availableMemory":"256Mi","allTrafficOnLatestRevision":true,"maxInstanceRequestConcurrency":80,"availableCpu":"1"},"state":"ACTIVE","labels":{"deployment-tool":"cloud-console","firebase-functions-hash":"b1f75cedb4fffdd4fdb600048f8dda683313eb7c"},"environment":"GEN_2","url":"https://asia-northeast3-opticmall.cloudfunctions.net/getTrackingInfo","satisfiesPzs":true,"satisfiesPzi":true},"stages":[{"name":"BUILD","message":"Build finished","state":"COMPLETE","resource":"projects/649171316547/locations/asia-northeast3/builds/3770ca75-df48-4d64-9797-7669c4afa6c5","resourceUri":"https://console.cloud.google.com/cloud-build/builds;region=asia-northeast3/3770ca75-df48-4d64-9797-7669c4afa6c5?project=649171316547"},{"name":"SERVICE","message":"Updating Cloud Run service","state":"IN_PROGRESS","resource":"projects/opticmall/locations/asia-northeast3/services/gettrackinginfo","resourceUri":"https://console.cloud.google.com/run/detail/asia-northeast3/gettrackinginfo?project=opticmall","stateMessages":[{"severity":"INFO","type":"CloudRunServiceNewRevisionTrafficInfo","message":"A new revision will be deployed serving with 100% traffic."}]}],"sourceToken":"Cltwcm9qZWN0cy82NDkxNzEzMTY1NDcvbG9jYXRpb25zL2FzaWEtbm9ydGhlYXN0My9idWlsZHMvMzc3MGNhNzUtZGY0OC00ZDY0LTk3OTctNzY2OWM0YWZhNmM1Em9hc2lhLW5vcnRoZWFzdDMtZG9ja2VyLnBrZy5kZXYvb3B0aWNtYWxsL2djZi1hcnRpZmFjdHMvb3B0aWNtYWxsX19hc2lhLS1ub3J0aGVhc3QzX19nZXRfdHJhY2tpbmdfaW5mbzp2ZXJzaW9uXzEYw96ArfISIkZwcm9qZWN0cy9vcHRpY21hbGwvbG9jYXRpb25zL2FzaWEtbm9ydGhlYXN0My9mdW5jdGlvbnMvZ2V0VHJhY2tpbmdJbmZvKgwI2/fV1AYQgKazwwMyCG5vZGVqczIwOnoKI2djci5pby9nYWUtcnVudGltZXMvbm9kZWpzMjA6c3RhYmxlElNhc2lhLW5vcnRoZWFzdDMtZG9ja2VyLnBrZy5kZXYvc2VydmVybGVzcy1ydW50aW1lcy9nb29nbGUtMjItZnVsbC9ydW50aW1lcy9ub2RlanMyMEAB","operationType":"UPDATE_FUNCTION","buildName":"projects/649171316547/locations/asia-northeast3/builds/3770ca75-df48-4d64-9797-7669c4afa6c5"},"done":false}
[debug] [2026-08-31T13:04:30.766Z] Got source token Cltwcm9qZWN0cy82NDkxNzEzMTY1NDcvbG9jYXRpb25zL2FzaWEtbm9ydGhlYXN0My9idWlsZHMvMzc3MGNhNzUtZGY0OC00ZDY0LTk3OTctNzY2OWM0YWZhNmM1Em9hc2lhLW5vcnRoZWFzdDMtZG9ja2VyLnBrZy5kZXYvb3B0aWNtYWxsL2djZi1hcnRpZmFjdHMvb3B0aWNtYWxsX19hc2lhLS1ub3J0aGVhc3QzX19nZXRfdHJhY2tpbmdfaW5mbzp2ZXJzaW9uXzEYw96ArfISIkZwcm9qZWN0cy9vcHRpY21hbGwvbG9jYXRpb25zL2FzaWEtbm9ydGhlYXN0My9mdW5jdGlvbnMvZ2V0VHJhY2tpbmdJbmZvKgwI2/fV1AYQgKazwwMyCG5vZGVqczIwOnoKI2djci5pby9nYWUtcnVudGltZXMvbm9kZWpzMjA6c3RhYmxlElNhc2lhLW5vcnRoZWFzdDMtZG9ja2VyLnBrZy5kZXYvc2VydmVybGVzcy1ydW50aW1lcy9nb29nbGUtMjItZnVsbC9ydW50aW1lcy9ub2RlanMyMEAB for region asia-northeast3
[debug] [2026-08-31T13:04:40.782Z] [update-default-asia-northeast3-getTrackingInfo] Retrying task index 0
[debug] [2026-08-31T13:04:40.782Z] Checked if tokens are valid: true, expires at: 1788184880955
[debug] [2026-08-31T13:04:40.783Z] Checked if tokens are valid: true, expires at: 1788184880955
[debug] [2026-08-31T13:04:40.783Z] >>> [apiv2][query] GET https://cloudfunctions.googleapis.com/v2/projects/opticmall/locations/asia-northeast3/operations/operation-1788181432124-65a576f0e45fb-f0785d24-c3a274e1 [none]
[debug] [2026-08-31T13:04:40.928Z] <<< [apiv2][status] GET https://cloudfunctions.googleapis.com/v2/projects/opticmall/locations/asia-northeast3/operations/operation-1788181432124-65a576f0e45fb-f0785d24-c3a274e1 200
[debug] [2026-08-31T13:04:40.929Z] <<< [apiv2][body] GET https://cloudfunctions.googleapis.com/v2/projects/opticmall/locations/asia-northeast3/operations/operation-1788181432124-65a576f0e45fb-f0785d24-c3a274e1 {"name":"projects/opticmall/locations/asia-northeast3/operations/operation-1788181432124-65a576f0e45fb-f0785d24-c3a274e1","metadata":{"@type":"type.googleapis.com/google.cloud.functions.v2.OperationMetadata","createTime":"2026-08-31T13:03:53.334482199Z","endTime":"2026-08-31T13:04:40.159091947Z","target":"projects/opticmall/locations/asia-northeast3/functions/getTrackingInfo","verb":"update","cancelRequested":false,"apiVersion":"v2","requestResource":{"@type":"type.googleapis.com/google.cloud.functions.v2.Function","name":"projects/opticmall/locations/asia-northeast3/functions/getTrackingInfo","buildConfig":{"runtime":"nodejs20","entryPoint":"getTrackingInfo","source":{"storageSource":{"bucket":"gcf-v2-sources-649171316547-asia-northeast3","object":"getTrackingInfo/function-source.zip","generation":"1788181433295413"}},"environmentVariables":{"GOOGLE_NODE_RUN_SCRIPTS":""},"dockerRepository":"projects/opticmall/locations/asia-northeast3/repositories/gcf-artifacts","sourceProvenance":{"resolvedStorageSource":{"bucket":"gcf-v2-sources-649171316547-asia-northeast3","object":"getTrackingInfo/function-source.zip","generation":"1785822854085122"}},"dockerRegistry":"ARTIFACT_REGISTRY","serviceAccount":"projects/opticmall/serviceAccounts/649171316547-compute@developer.gserviceaccount.com","automaticUpdatePolicy":{}},"serviceConfig":{"service":"projects/opticmall/locations/asia-northeast3/services/gettrackinginfo","timeoutSeconds":60,"environmentVariables":{"SWEETTRACKER_KEY":"PVONNmzqYpXvNxhRkeCZvg","FIREBASE_CONFIG":"{\"projectId\":\"opticmall\",\"storageBucket\":\"opticmall.firebasestorage.app\"}","GCLOUD_PROJECT":"opticmall","EVENTARC_CLOUD_EVENT_SOURCE":"projects/opticmall/locations/asia-northeast3/services/getTrackingInfo","FUNCTION_TARGET":"getTrackingInfo","LOG_EXECUTION_ID":"true"},"ingressSettings":"ALLOW_ALL","uri":"https://gettrackinginfo-efvzybbwoa-du.a.run.app","serviceAccountEmail":"649171316547-compute@developer.gserviceaccount.com","availableMemory":"256Mi","allTrafficOnLatestRevision":true,"maxInstanceRequestConcurrency":80,"availableCpu":"1"},"state":"ACTIVE","labels":{"deployment-tool":"cloud-console","firebase-functions-hash":"b1f75cedb4fffdd4fdb600048f8dda683313eb7c"},"environment":"GEN_2","url":"https://asia-northeast3-opticmall.cloudfunctions.net/getTrackingInfo","satisfiesPzs":true,"satisfiesPzi":true},"stages":[{"name":"BUILD","message":"Build finished","state":"COMPLETE","resource":"projects/649171316547/locations/asia-northeast3/builds/3770ca75-df48-4d64-9797-7669c4afa6c5","resourceUri":"https://console.cloud.google.com/cloud-build/builds;region=asia-northeast3/3770ca75-df48-4d64-9797-7669c4afa6c5?project=649171316547"},{"name":"SERVICE","message":"Updating Cloud Run service","state":"COMPLETE","resource":"projects/opticmall/locations/asia-northeast3/services/gettrackinginfo","resourceUri":"https://console.cloud.google.com/run/detail/asia-northeast3/gettrackinginfo?project=opticmall","stateMessages":[{"severity":"INFO","type":"CloudRunServiceNewRevisionTrafficInfo","message":"A new revision will be deployed serving with 100% traffic."}]}],"sourceToken":"Cltwcm9qZWN0cy82NDkxNzEzMTY1NDcvbG9jYXRpb25zL2FzaWEtbm9ydGhlYXN0My9idWlsZHMvMzc3MGNhNzUtZGY0OC00ZDY0LTk3OTctNzY2OWM0YWZhNmM1Em9hc2lhLW5vcnRoZWFzdDMtZG9ja2VyLnBrZy5kZXYvb3B0aWNtYWxsL2djZi1hcnRpZmFjdHMvb3B0aWNtYWxsX19hc2lhLS1ub3J0aGVhc3QzX19nZXRfdHJhY2tpbmdfaW5mbzp2ZXJzaW9uXzEYw96ArfISIkZwcm9qZWN0cy9vcHRpY21hbGwvbG9jYXRpb25zL2FzaWEtbm9ydGhlYXN0My9mdW5jdGlvbnMvZ2V0VHJhY2tpbmdJbmZvKgwI2/fV1AYQgKazwwMyCG5vZGVqczIwOnoKI2djci5pby9nYWUtcnVudGltZXMvbm9kZWpzMjA6c3RhYmxlElNhc2lhLW5vcnRoZWFzdDMtZG9ja2VyLnBrZy5kZXYvc2VydmVybGVzcy1ydW50aW1lcy9nb29nbGUtMjItZnVsbC9ydW50aW1lcy9ub2RlanMyMEAB","operationType":"UPDATE_FUNCTION","buildName":"projects/649171316547/locations/asia-northeast3/builds/3770ca75-df48-4d64-9797-7669c4afa6c5"},"done":true,"response":{"@type":"type.googleapis.com/google.cloud.functions.v2.Function","name":"projects/opticmall/locations/asia-northeast3/functions/getTrackingInfo","buildConfig":{"build":"projects/649171316547/locations/asia-northeast3/builds/3770ca75-df48-4d64-9797-7669c4afa6c5","runtime":"nodejs20","entryPoint":"getTrackingInfo","source":{"storageSource":{"bucket":"gcf-v2-sources-649171316547-asia-northeast3","object":"getTrackingInfo/function-source.zip","generation":"1788181433295413"}},"environmentVariables":{"GOOGLE_NODE_RUN_SCRIPTS":""},"dockerRepository":"projects/opticmall/locations/asia-northeast3/repositories/gcf-artifacts","sourceProvenance":{"resolvedStorageSource":{"bucket":"gcf-v2-sources-649171316547-asia-northeast3","object":"getTrackingInfo/function-source.zip","generation":"1788181433295413"}},"dockerRegistry":"ARTIFACT_REGISTRY","serviceAccount":"projects/opticmall/serviceAccounts/649171316547-compute@developer.gserviceaccount.com","automaticUpdatePolicy":{}},"serviceConfig":{"service":"projects/opticmall/locations/asia-northeast3/services/gettrackinginfo","timeoutSeconds":60,"environmentVariables":{"SWEETTRACKER_KEY":"PVONNmzqYpXvNxhRkeCZvg","FIREBASE_CONFIG":"{\"projectId\":\"opticmall\",\"storageBucket\":\"opticmall.firebasestorage.app\"}","GCLOUD_PROJECT":"opticmall","EVENTARC_CLOUD_EVENT_SOURCE":"projects/opticmall/locations/asia-northeast3/services/getTrackingInfo","FUNCTION_TARGET":"getTrackingInfo","LOG_EXECUTION_ID":"true"},"maxInstanceCount":20,"ingressSettings":"ALLOW_ALL","uri":"https://gettrackinginfo-efvzybbwoa-du.a.run.app","serviceAccountEmail":"649171316547-compute@developer.gserviceaccount.com","availableMemory":"256Mi","allTrafficOnLatestRevision":true,"revision":"gettrackinginfo-00004-yac","maxInstanceRequestConcurrency":80,"availableCpu":"1"},"state":"ACTIVE","updateTime":"2026-08-31T13:03:53.335953719Z","labels":{"firebase-functions-hash":"b1f75cedb4fffdd4fdb600048f8dda683313eb7c","deployment-tool":"cli-firebase"},"environment":"GEN_2","url":"https://asia-northeast3-opticmall.cloudfunctions.net/getTrackingInfo","satisfiesPzs":true,"createTime":"2026-07-02T11:13:17.603264279Z","satisfiesPzi":true}}
[debug] [2026-08-31T13:04:40.933Z] Got source token Cltwcm9qZWN0cy82NDkxNzEzMTY1NDcvbG9jYXRpb25zL2FzaWEtbm9ydGhlYXN0My9idWlsZHMvMzc3MGNhNzUtZGY0OC00ZDY0LTk3OTctNzY2OWM0YWZhNmM1Em9hc2lhLW5vcnRoZWFzdDMtZG9ja2VyLnBrZy5kZXYvb3B0aWNtYWxsL2djZi1hcnRpZmFjdHMvb3B0aWNtYWxsX19hc2lhLS1ub3J0aGVhc3QzX19nZXRfdHJhY2tpbmdfaW5mbzp2ZXJzaW9uXzEYw96ArfISIkZwcm9qZWN0cy9vcHRpY21hbGwvbG9jYXRpb25zL2FzaWEtbm9ydGhlYXN0My9mdW5jdGlvbnMvZ2V0VHJhY2tpbmdJbmZvKgwI2/fV1AYQgKazwwMyCG5vZGVqczIwOnoKI2djci5pby9nYWUtcnVudGltZXMvbm9kZWpzMjA6c3RhYmxlElNhc2lhLW5vcnRoZWFzdDMtZG9ja2VyLnBrZy5kZXYvc2VydmVybGVzcy1ydW50aW1lcy9nb29nbGUtMjItZnVsbC9ydW50aW1lcy9ub2RlanMyMEAB for region asia-northeast3
[info] +  functions[getTrackingInfo(asia-northeast3)] Successful update operation. 
[debug] [2026-08-31T13:04:40.942Z] Total Function Deployment time: 49401
[debug] [2026-08-31T13:04:40.942Z] 1 Functions Deployed
[debug] [2026-08-31T13:04:40.944Z] 0 Functions Errored
[debug] [2026-08-31T13:04:40.946Z] 0 Function Deployments Aborted
[debug] [2026-08-31T13:04:40.947Z] Average Function Deployment time: 49399
[info] Function URL (getTrackingInfo(asia-northeast3)): https://gettrackinginfo-efvzybbwoa-du.a.run.app
[debug] [2026-08-31T13:04:40.950Z] No lifecycle hook configured for event: afterUpdate
[debug] [2026-08-31T13:04:40.953Z] Checked if tokens are valid: true, expires at: 1788184880955
[debug] [2026-08-31T13:04:40.962Z] Checked if tokens are valid: true, expires at: 1788184880955
[debug] [2026-08-31T13:04:40.964Z] >>> [apiv2][query] GET https://artifactregistry.googleapis.com/v1/projects/opticmall/locations/asia-northeast3/repositories/gcf-artifacts [none]
[debug] [2026-08-31T13:04:41.642Z] <<< [apiv2][status] GET https://artifactregistry.googleapis.com/v1/projects/opticmall/locations/asia-northeast3/repositories/gcf-artifacts 200
